- `00:00` **1 Consumer — open /consumer, no sign-in**
- `00:05` **1 Consumer — first product: a Parle-G 56 g back panel**
- `00:05` Parle-G — in-browser barcode read: Barcode 8901719100015 · EAN-13 · check digit does not verify
- `00:08` **1 Consumer — submit and wait out the real OCR**
- `01:05` Parle-G — OCR + evaluation took 57 s (scan 02a64d2c)
- `01:05` Parle-G — verdict banner: REVIEW |  | Pending officer confirmation
- `01:11` **1 Consumer — the findings, each naming its rule**
- `01:12` findings block: What the rules ask for on a label One line per declaration, with the rule that applies. "Not read" is a statement about the photograph, not about the package. How much is in the pack (net quantity) REVIEW Review required. Applying the rule to this evidence needs an officer. Readable on the label, but applying the rule needs a person to look. Rule 6(1)(c) · 6 further rules not assessable from this photograph Maximum retail price (MRP) REVIEW Review required. Applying the rule to this evidence needs an officer. Readable on the label, but applying the rule needs a person to look. Rule 6(1)(e), Ru…
- `01:18` **1 Consumer — ingredients verbatim**
- `01:19` ingredients block: Ingredients as declared on the label WHEAT FLOUR (ATTA) (66.7%), | PKD.: | Trans Fat (g) | Rs. 10.00 | 0 | SUGAR, VEGETABLE OILS (PALM OIL, IÓDISED | Cholesterol (mg) | 0 Exactly as read from the photograph, in the label's own words. Not corrected, not interpreted.
- `01:25` **1 Consumer — additive codes with their FSS citations**
- `01:26` additives block: Additive codes in that declaration Each code is matched against a reference sourced from the FSS regulations. The entry says what the code is and what the regulation requires be declared. It makes no safety judgement of its own. No INS or E additive codes found in the declaration.
- `01:30` **1 Consumer — the barcode section**
- `01:31` barcode section: Barcode 8901719100015 · EAN-13 · check digit does not verify Read in your browser from the photograph. The digits are shown as printed; nothing is looked up against any registry and no product name is
- `01:36` **1 Consumer — 8901719100015, this packet's own barcode: the published SAFE consensus**
- `01:36` consensus for 8901719100015 was already on screen, loaded from the barcode decoded in the browser
- `01:36` SAFE consensus: Identifier 8901719100015 includes seeded demo records SAFE 9 shoppers reported this Seeded demo record: submissions for this identifier were entered to demonstrate the threshold, not collected in the 
- `01:44` **1 Consumer — second product: the MDH Kitchen King carton**
- `01:48` MDH — in-browser barcode read: Barcode none read in this photograph
- `01:51` **1 Consumer — submit the carton and wait out the OCR**
- `02:46` MDH — OCR + evaluation took 55 s (scan e7b8f9b6)
- `02:46` MDH — verdict banner: REVIEW |  | Pending officer confirmation
- `02:52` **1 Consumer — look up 8901725113320: the published UNSAFE consensus**
- `02:54` UNSAFE consensus: Identifier 8901725113320 includes seeded demo records UNSAFE 4 shoppers reported this Seeded demo record: submissions for this identifier were entered to demonstrate the threshold, not collected in th
- `03:01` **2 Vendor — sign in as balaji-kirana**
- `03:08` **2 Vendor — submit a package photograph and wait for the verdict**
- `03:31` OCR + evaluation took 21 s (scan 0ce7330c)
- `03:36` **2 Vendor — the routing line: which officer tier the premises falls under**
- `03:37` routing: Routed to the district tier for attention · no premises visit indicated · action on your part is indicated
- `03:50` **2 Vendor — sign out**
- `03:55` **3 Officer — sign in as inspector1**
- `03:58` queue: 50 of 50 inspections
- `04:05` **3 Officer — the vendor's scan is in this officer's queue (jurisdiction covers the premises)**
- `04:06` top row: Physical label physical_label REVIEW complete 20 Sept, 10:19 v2026.09.2 0ce7330c
- `04:15` **3 Officer — dwell on the verdict: rule citations and refusals worded as facts about the photograph**
- `04:16` findings: NAME_AND_ADDRESS Rule 6(10A)=NOT_APPLICABLE; COUNTRY_OF_ORIGIN Rule 6(10A)=NOT_APPLICABLE; COMMON_OR_GENERIC_NAME Rule 6(10A)=NOT_APPLICABLE; NET_QUANTITY Rule 6(10A)=NOT_APPLICABLE; MANUFACTURE_DATE Rule 6(10A)=NOT_APPLICABLE; BEST_BEFORE_DATE Rule 6(10A)=NOT_APPLICABLE; RETAIL_SALE_PRICE Rule 6(10A)=NOT_APPLICABLE; DIMENSIONS Rule 6(10A)=NOT_APPLICABLE; OTHER_PRESCRIBED_MATTER Rule 6(10A)=NOT_APPLICABLE; UNIT_SALE_PRICE Rule 6(11)=INSUFFICIENT_EVIDENCE; NAME_AND_ADDRESS Rule 6(1)(a)=INSUFFICIENT_EVIDENCE; COUNTRY_OF_ORIGIN Rule 6(1)(aa)=INSUFFICIENT_EVIDENCE; COMMON_OR_GENERIC_NAME Rule 6(1)(b)=PASS; NET_QUANTITY Rule 6(1)(c)=INSUFFICIENT_EVIDENCE; MANUFACTURE_DATE Rule 6(1)(d)=INSUFFICIENT_EVIDENCE; BEST_BEFORE_DATE Rule 6(1)(da)=INSUFFICIENT_EVIDENCE; MANUFACTURE_DATE Rule 6(1)(d) provisos effective 2024=INSUFFICIENT_EVIDENCE; RETAIL_SALE_PRICE Rule 6(1)(e)=INSUFFICIENT_EVIDENCE; DIMENSIONS Rule 6(1)(f)=INSUFFICIENT_EVIDENCE; OTHER_PRESCRIBED_MATTER Rule 6(1)(g)=INSUFFICIENT_EVIDENCE; NAME_AND_ADDRESS Rule 7(2), Table-I=INSUFFICIENT_EVIDENCE; COUNTRY_OF_ORIGIN Rule 7(2), Table-I=INSUFFICIENT_EVIDENCE; COMMON_OR_GENERIC_NAME Rule 7(2), Table-I=INSUFFICIENT_EVIDENCE; NET_QUANTITY Rule 7(2), Table-I=INSUFFICIENT_EVIDENCE; MANUFACTURE_DATE Rule 7(2), Table-I=INSUFFICIENT_EVIDENCE; BEST_BEFORE_DATE Rule 7(2), Table-I=INSUFFICIENT_EVIDENCE; RETAIL_SALE_PRICE Rule 7(2), Table-I=INSUFFICIENT_EVIDENCE; DIMENSIONS Rule 7(2), Table-I=INSUFFICIENT_EVIDENCE; OTHER_PRESCRIBED_MATTER Rule 7(2), Table-I=INSUFFICIENT_EVIDENCE; NAME_AND_ADDRESS Rule 7(3)=INSUFFICIENT_EVIDENCE; COUNTRY_OF_ORIGIN Rule 7(3)=INSUFFICIENT_EVIDENCE; COMMON_OR_GENERIC_NAME Rule 7(3)=INSUFFICIENT_EVIDENCE; NET_QUANTITY Rule 7(3)=INSUFFICIENT_EVIDENCE; MANUFACTURE_DATE Rule 7(3)=INSUFFICIENT_EVIDENCE; BEST_BEFORE_DATE Rule 7(3)=INSUFFICIENT_EVIDENCE; RETAIL_SALE_PRICE Rule 7(3)=INSUFFICIENT_EVIDENCE; DIMENSIONS Rule 7(3)=INSUFFICIENT_EVIDENCE; OTHER_PRESCRIBED_MATTER Rule 7(3)=INSUFFICIENT_EVIDENCE; NET_QUANTITY Rule 8(1) proviso=INSUFFICIENT_EVIDENCE; NAME_AND_ADDRESS Rule 8(1)=INSUFFICIENT_EVIDENCE; COUNTRY_OF_ORIGIN Rule 8(1)=INSUFFICIENT_EVIDENCE; COMMON_OR_GENERIC_NAME Rule 8(1)=INSUFFICIENT_EVIDENCE; NET_QUANTITY Rule 8(1)=INSUFFICIENT_EVIDENCE; MANUFACTURE_DATE Rule 8(1)=INSUFFICIENT_EVIDENCE; BEST_BEFORE_DATE Rule 8(1)=INSUFFICIENT_EVIDENCE; RETAIL_SALE_PRICE Rule 8(1)=INSUFFICIENT_EVIDENCE; DIMENSIONS Rule 8(1)=INSUFFICIENT_EVIDENCE; OTHER_PRESCRIBED_MATTER Rule 8(1)=INSUFFICIENT_EVIDENCE; NAME_AND_ADDRESS Rule 9(1)=INSUFFICIENT_EVIDENCE; COUNTRY_OF_ORIGIN Rule 9(1)=INSUFFICIENT_EVIDENCE; COMMON_OR_GENERIC_NAME Rule 9(1)=INSUFFICIENT_EVIDENCE; NET_QUANTITY Rule 9(1)=INSUFFICIENT_EVIDENCE; MANUFACTURE_DATE Rule 9(1)=INSUFFICIENT_EVIDENCE; BEST_BEFORE_DATE Rule 9(1)=INSUFFICIENT_EVIDENCE; RETAIL_SALE_PRICE Rule 9(1)=INSUFFICIENT_EVIDENCE; DIMENSIONS Rule 9(1)=INSUFFICIENT_EVIDENCE; OTHER_PRESCRIBED_MATTER Rule 9(1)=INSUFFICIENT_EVIDENCE; NAME_AND_ADDRESS Rule 9(3)=INSUFFICIENT_EVIDENCE; COUNTRY_OF_ORIGIN Rule 9(3)=INSUFFICIENT_EVIDENCE; COMMON_OR_GENERIC_NAME Rule 9(3)=INSUFFICIENT_EVIDENCE; NET_QUANTITY Rule 9(3)=INSUFFICIENT_EVIDENCE; MANUFACTURE_DATE Rule 9(3)=INSUFFICIENT_EVIDENCE; BEST_BEFORE_DATE Rule 9(3)=INSUFFICIENT_EVIDENCE; RETAIL_SALE_PRICE Rule 9(3)=INSUFFICIENT_EVIDENCE; DIMENSIONS Rule 9(3)=INSUFFICIENT_EVIDENCE; OTHER_PRESCRIBED_MATTER Rule 9(3)=INSUFFICIENT_EVIDENCE
- `04:59` **3 Officer — confirm the category as Food; the capture is re-evaluated as a new scan**
- `05:04` new scan dd13aca2; waiting for its evaluation
- `05:24` confirmed category food; verdict REVIEW; NAME_AND_ADDRESS Rule 6(10A)=NOT_APPLICABLE; COUNTRY_OF_ORIGIN Rule 6(10A)=NOT_APPLICABLE; COMMON_OR_GENERIC_NAME Rule 6(10A)=NOT_APPLICABLE; NET_QUANTITY Rule 6(10A)=NOT_APPLICABLE; MANUFACTURE_DATE Rule 6(10A)=NOT_APPLICABLE; BEST_BEFORE_DATE Rule 6(10A)=NOT_APPLICABLE; RETAIL_SALE_PRICE Rule 6(10A)=NOT_APPLICABLE; DIMENSIONS Rule 6(10A)=NOT_APPLICABLE; OTHER_PRESCRIBED_MATTER Rule 6(10A)=NOT_APPLICABLE; UNIT_SALE_PRICE Rule 6(11)=INSUFFICIENT_EVIDENCE; NAME_AND_ADDRESS Rule 6(1)(a)=NOT_APPLICABLE; COUNTRY_OF_ORIGIN Rule 6(1)(aa)=INSUFFICIENT_EVIDENCE; COMMON_OR_GENERIC_NAME Rule 6(1)(b)=PASS; NET_QUANTITY Rule 6(1)(c)=INSUFFICIENT_EVIDENCE; MANUFACTURE_DATE Rule 6(1)(d)=INSUFFICIENT_EVIDENCE; BEST_BEFORE_DATE Rule 6(1)(da)=INSUFFICIENT_EVIDENCE; MANUFACTURE_DATE Rule 6(1)(d) provisos effective 2024=INSUFFICIENT_EVIDENCE; RETAIL_SALE_PRICE Rule 6(1)(e)=INSUFFICIENT_EVIDENCE; DIMENSIONS Rule 6(1)(f)=INSUFFICIENT_EVIDENCE; OTHER_PRESCRIBED_MATTER Rule 6(1)(g)=INSUFFICIENT_EVIDENCE; NAME_AND_ADDRESS Rule 7(2), Table-I=INSUFFICIENT_EVIDENCE; COUNTRY_OF_ORIGIN Rule 7(2), Table-I=INSUFFICIENT_EVIDENCE; COMMON_OR_GENERIC_NAME Rule 7(2), Table-I=INSUFFICIENT_EVIDENCE; NET_QUANTITY Rule 7(2), Table-I=INSUFFICIENT_EVIDENCE; MANUFACTURE_DATE Rule 7(2), Table-I=INSUFFICIENT_EVIDENCE; BEST_BEFORE_DATE Rule 7(2), Table-I=INSUFFICIENT_EVIDENCE; RETAIL_SALE_PRICE Rule 7(2), Table-I=INSUFFICIENT_EVIDENCE; DIMENSIONS Rule 7(2), Table-I=INSUFFICIENT_EVIDENCE; OTHER_PRESCRIBED_MATTER Rule 7(2), Table-I=INSUFFICIENT_EVIDENCE; NAME_AND_ADDRESS Rule 7(3)=INSUFFICIENT_EVIDENCE; COUNTRY_OF_ORIGIN Rule 7(3)=INSUFFICIENT_EVIDENCE; COMMON_OR_GENERIC_NAME Rule 7(3)=INSUFFICIENT_EVIDENCE; NET_QUANTITY Rule 7(3)=INSUFFICIENT_EVIDENCE; MANUFACTURE_DATE Rule 7(3)=INSUFFICIENT_EVIDENCE; BEST_BEFORE_DATE Rule 7(3)=INSUFFICIENT_EVIDENCE; RETAIL_SALE_PRICE Rule 7(3)=INSUFFICIENT_EVIDENCE; DIMENSIONS Rule 7(3)=INSUFFICIENT_EVIDENCE; OTHER_PRESCRIBED_MATTER Rule 7(3)=INSUFFICIENT_EVIDENCE; NET_QUANTITY Rule 8(1) proviso=INSUFFICIENT_EVIDENCE; NAME_AND_ADDRESS Rule 8(1)=REVIEW_REQUIRED; COUNTRY_OF_ORIGIN Rule 8(1)=INSUFFICIENT_EVIDENCE; COMMON_OR_GENERIC_NAME Rule 8(1)=REVIEW_REQUIRED; NET_QUANTITY Rule 8(1)=INSUFFICIENT_EVIDENCE; MANUFACTURE_DATE Rule 8(1)=INSUFFICIENT_EVIDENCE; BEST_BEFORE_DATE Rule 8(1)=INSUFFICIENT_EVIDENCE; RETAIL_SALE_PRICE Rule 8(1)=INSUFFICIENT_EVIDENCE; DIMENSIONS Rule 8(1)=INSUFFICIENT_EVIDENCE; OTHER_PRESCRIBED_MATTER Rule 8(1)=INSUFFICIENT_EVIDENCE; NAME_AND_ADDRESS Rule 9(1)=INSUFFICIENT_EVIDENCE; COUNTRY_OF_ORIGIN Rule 9(1)=INSUFFICIENT_EVIDENCE; COMMON_OR_GENERIC_NAME Rule 9(1)=INSUFFICIENT_EVIDENCE; NET_QUANTITY Rule 9(1)=INSUFFICIENT_EVIDENCE; MANUFACTURE_DATE Rule 9(1)=INSUFFICIENT_EVIDENCE; BEST_BEFORE_DATE Rule 9(1)=INSUFFICIENT_EVIDENCE; RETAIL_SALE_PRICE Rule 9(1)=INSUFFICIENT_EVIDENCE; DIMENSIONS Rule 9(1)=INSUFFICIENT_EVIDENCE; OTHER_PRESCRIBED_MATTER Rule 9(1)=INSUFFICIENT_EVIDENCE; NAME_AND_ADDRESS Rule 9(3)=INSUFFICIENT_EVIDENCE; COUNTRY_OF_ORIGIN Rule 9(3)=INSUFFICIENT_EVIDENCE; COMMON_OR_GENERIC_NAME Rule 9(3)=INSUFFICIENT_EVIDENCE; NET_QUANTITY Rule 9(3)=INSUFFICIENT_EVIDENCE; MANUFACTURE_DATE Rule 9(3)=INSUFFICIENT_EVIDENCE; BEST_BEFORE_DATE Rule 9(3)=INSUFFICIENT_EVIDENCE; RETAIL_SALE_PRICE Rule 9(3)=INSUFFICIENT_EVIDENCE; DIMENSIONS Rule 9(3)=INSUFFICIENT_EVIDENCE; OTHER_PRESCRIBED_MATTER Rule 9(3)=INSUFFICIENT_EVIDENCE
- `05:39` **3 Officer — a machine POTENTIAL VIOLATION awaiting the officer: record the determination**
- `05:40` scan 91893092 · machine verdict POTENTIAL_VIOLATION · NAME_AND_ADDRESS Rule 6(10A)=NOT_APPLICABLE; COUNTRY_OF_ORIGIN Rule 6(10A)=NOT_APPLICABLE; COMMON_OR_GENERIC_NAME Rule 6(10A)=NOT_APPLICABLE; NET_QUANTITY Rule 6(10A)=NOT_APPLICABLE; MANUFACTURE_DATE Rule 6(10A)=NOT_APPLICABLE; BEST_BEFORE_DATE Rule 6(10A)=NOT_APPLICABLE; RETAIL_SALE_PRICE Rule 6(10A)=NOT_APPLICABLE; DIMENSIONS Rule 6(10A)=NOT_APPLICABLE; OTHER_PRESCRIBED_MATTER Rule 6(10A)=NOT_APPLICABLE; UNIT_SALE_PRICE Rule 6(11)=INSUFFICIENT_EVIDENCE; NAME_AND_ADDRESS Rule 6(1)(a)=NOT_APPLICABLE; COUNTRY_OF_ORIGIN Rule 6(1)(aa)=INSUFFICIENT_EVIDENCE; COMMON_OR_GENERIC_NAME Rule 6(1)(b)=REVIEW_REQUIRED; NET_QUANTITY Rule 6(1)(c)=REVIEW_REQUIRED; MANUFACTURE_DATE Rule 6(1)(d)=PASS; BEST_BEFORE_DATE Rule 6(1)(da)=INSUFFICIENT_EVIDENCE; MANUFACTURE_DATE Rule 6(1)(d) provisos effective 2024=PASS; RETAIL_SALE_PRICE Rule 6(1)(e)=INSUFFICIENT_EVIDENCE; DIMENSIONS Rule 6(1)(f)=INSUFFICIENT_EVIDENCE; OTHER_PRESCRIBED_MATTER Rule 6(1)(g)=INSUFFICIENT_EVIDENCE; NAME_AND_ADDRESS Rule 7(2), Table-I=INSUFFICIENT_EVIDENCE; COUNTRY_OF_ORIGIN Rule 7(2), Table-I=INSUFFICIENT_EVIDENCE; COMMON_OR_GENERIC_NAME Rule 7(2), Table-I=INSUFFICIENT_EVIDENCE; NET_QUANTITY Rule 7(2), Table-I=FAIL; MANUFACTURE_DATE Rule 7(2), Table-I=INSUFFICIENT_EVIDENCE; BEST_BEFORE_DATE Rule 7(2), Table-I=INSUFFICIENT_EVIDENCE; RETAIL_SALE_PRICE Rule 7(2), Table-I=INSUFFICIENT_EVIDENCE; DIMENSIONS Rule 7(2), Table-I=INSUFFICIENT_EVIDENCE; OTHER_PRESCRIBED_MATTER Rule 7(2), Table-I=INSUFFICIENT_EVIDENCE; NAME_AND_ADDRESS Rule 7(3)=INSUFFICIENT_EVIDENCE; COUNTRY_OF_ORIGIN Rule 7(3)=INSUFFICIENT_EVIDENCE; COMMON_OR_GENERIC_NAME Rule 7(3)=INSUFFICIENT_EVIDENCE; NET_QUANTITY Rule 7(3)=PASS; MANUFACTURE_DATE Rule 7(3)=INSUFFICIENT_EVIDENCE; BEST_BEFORE_DATE Rule 7(3)=INSUFFICIENT_EVIDENCE; RETAIL_SALE_PRICE Rule 7(3)=INSUFFICIENT_EVIDENCE; DIMENSIONS Rule 7(3)=INSUFFICIENT_EVIDENCE; OTHER_PRESCRIBED_MATTER Rule 7(3)=INSUFFICIENT_EVIDENCE; NET_QUANTITY Rule 8(1) proviso=FAIL; NAME_AND_ADDRESS Rule 8(1)=INSUFFICIENT_EVIDENCE; COUNTRY_OF_ORIGIN Rule 8(1)=INSUFFICIENT_EVIDENCE; COMMON_OR_GENERIC_NAME Rule 8(1)=REVIEW_REQUIRED; NET_QUANTITY Rule 8(1)=REVIEW_REQUIRED; MANUFACTURE_DATE Rule 8(1)=REVIEW_REQUIRED; BEST_BEFORE_DATE Rule 8(1)=INSUFFICIENT_EVIDENCE; RETAIL_SALE_PRICE Rule 8(1)=INSUFFICIENT_EVIDENCE; DIMENSIONS Rule 8(1)=INSUFFICIENT_EVIDENCE; OTHER_PRESCRIBED_MATTER Rule 8(1)=INSUFFICIENT_EVIDENCE; NAME_AND_ADDRESS Rule 9(1)=INSUFFICIENT_EVIDENCE; COUNTRY_OF_ORIGIN Rule 9(1)=INSUFFICIENT_EVIDENCE; COMMON_OR_GENERIC_NAME Rule 9(1)=INSUFFICIENT_EVIDENCE; NET_QUANTITY Rule 9(1)=REVIEW_REQUIRED; MANUFACTURE_DATE Rule 9(1)=INSUFFICIENT_EVIDENCE; BEST_BEFORE_DATE Rule 9(1)=INSUFFICIENT_EVIDENCE; RETAIL_SALE_PRICE Rule 9(1)=INSUFFICIENT_EVIDENCE; DIMENSIONS Rule 9(1)=INSUFFICIENT_EVIDENCE; OTHER_PRESCRIBED_MATTER Rule 9(1)=INSUFFICIENT_EVIDENCE; NAME_AND_ADDRESS Rule 9(3)=INSUFFICIENT_EVIDENCE; COUNTRY_OF_ORIGIN Rule 9(3)=INSUFFICIENT_EVIDENCE; COMMON_OR_GENERIC_NAME Rule 9(3)=INSUFFICIENT_EVIDENCE; NET_QUANTITY Rule 9(3)=INSUFFICIENT_EVIDENCE; MANUFACTURE_DATE Rule 9(3)=INSUFFICIENT_EVIDENCE; BEST_BEFORE_DATE Rule 9(3)=INSUFFICIENT_EVIDENCE; RETAIL_SALE_PRICE Rule 9(3)=INSUFFICIENT_EVIDENCE; DIMENSIONS Rule 9(3)=INSUFFICIENT_EVIDENCE; OTHER_PRESCRIBED_MATTER Rule 9(3)=INSUFFICIENT_EVIDENCE
- `05:55` POST /scans/91893092/review -> 201
- `05:55` determination: REVIEW RECORDED Action: CONFIRM • Finalised: Yes
- `05:55` scan now finalised true, verdict POTENTIAL_VIOLATION
- `06:01` **3 Officer — dashboard: the GHMC choropleth**
- `06:12` **3 Officer — hover a ward**
- `06:12` readout: Ward 121 Kukatpally · West zone no scans recorded
- `06:17` readout: Ward 91 Khairatabad · Central zone 1 potential violation in 3 scans
- `06:25` **3 Officer — complaints ledger**
- `06:30` **3 Officer — raise a complaint from an officer-confirmed POTENTIAL VIOLATION**
- `06:33` scan 91893092 · R7-2-TABLE-I · NET_QUANTITY · observed "0.4784049017122597 mm" · required "1.0 mm"
- `06:36` POST /complaints -> 201
- `06:38` thread: cabe7bb0-233b-4c6a-bcfc-2f366b7b461a Event 1 in thread manufacturer as declared Commodity: Category: food Raised Confirmed: POTENTIAL VIOLATION Statutory contravention statement Potential violation id
- `06:44` **3 Officer — transition it: record the acknowledgement**
- `06:48` POST /complaints/cabe7bb0/transitions -> 201
- `06:50` thread now: 8a9f1642-bb0b-4af9-a435-216bac7c5657 Event 2 in thread manufacturer as declared Commodity: Category: food Supersedes #cabe7bb0-233b-4c6a-bcfc-2f366b7b461a Acknowledged Confirmed: POTENTIAL VIOLATION S
- `06:57` **4 Measurement — /officer/new, the MDH carton with a ₹10 coin, Food, coin_10, NO panel mark**
- `07:08` **4 Measurement — submit unmarked: Table-I cannot band without a panel area**
- `08:04` unmarked: evaluated in 56 s (scan 3912abf9)
- `08:09` measurements: Measurements Estimated from the photograph. A calibrated figure carries its interval in brackets; without a reference there is no figure. Net quantity · Rule 7(2), Table-I INSUFFICIENT EVIDENCE Insufficient evidence. The evidence needed could not be obtained. This is a statement about the reading, not about the package. Measured 2.61 mm Required — Net quantity · Rule 8(1) proviso PASS Pass. The declaration satisfies the rule as evaluated. Measured numeral height 2.61 mm (±0.13); above 2.93 mm (±0.15); below 2.93 mm (±0.15); left 7.63 mm (±0.38); right 7.84 mm (±0.39) Required above and below at least 2.61 mm; left and right at least 5.23 mm
- `08:10` Table-I: INSUFFICIENT_EVIDENCE · observed 2.61 mm · expected null · the character height was measured but the principal display panel area was not, and Table-I bands the height against that area: the principal display panel was not detected: no trained panel detector is configured, and the largest block of print is not a measured panel, so its area cannot band the requirement.
- `08:22` **4 Measurement — submit again, this time dragging the panel over the carton face**
- `08:29` photograph 1214×1295 drawn at 638×681 px; dragging (366,79) → (774,714)
- `08:30` caption: Panel marked: 776 × 1207 px at (86, 38)
- `08:35` **4 Measurement — submit marked: Table-I consults both intervals and declines to band**
- `09:30` marked: evaluated in 55 s (scan 6b51e1c6)
- `09:36` measurements: Measurements Estimated from the photograph. A calibrated figure carries its interval in brackets; without a reference there is no figure. Net quantity · Rule 7(2), Table-I REVIEW REQUIRED Review required. Applying the rule to this evidence needs an officer. Measured 2.61 mm Required 1.5 mm to 2.5 mm Net quantity · Rule 8(1) proviso PASS Pass. The declaration satisfies the rule as evaluated. Measured numeral height 2.61 mm (±0.13); above 2.93 mm (±0.15); below 2.93 mm (±0.15); left 7.63 mm (±0.38); right 7.84 mm (±0.39) Required above and below at least 2.61 mm; left and right at least 5.23 mm
- `09:36` Table-I: REVIEW_REQUIRED · observed 2.61 mm · expected 1.5 mm to 2.5 mm · the measured principal display panel area of 102.3 ± 10.2 cm² lies across a Table-I band edge: 1.5 mm is required below it and 2.5 mm above; the measured character height of 2.61 ± 0.13 mm lies across the 2.5 mm requirement: which side of the requirement this package falls on is not established at the measurement's own precision.
- `09:48` **4 Measurement — the marked scan on the review ledger: the Table-I REVIEW_REQUIRED row, both uncertainties named**
- `09:51` ledger row: Net quantity, letter height REVIEW REQUIRED Review required. Applying the rule to this evidence needs an officer. Measured 2.61 mm Required 1.5 mm to 2.5 mm Rule Rule 7(2), Table-I Evidence None the measured principal display panel area of 102.3 ± 10.2 cm² lies across a Table-I band edge: 1.5 mm is required below it and 2.5 mm above; the measured character height of 2.61 ± 0.13 mm lies across the 2.5 mm requirement: which side of the requirement this package falls on is not established at the measurement's own precision.
- `10:16` end of recording — 616 s
video /home/abhi/26034-demo/demo/pccs-demo-1280x800.webm
EXIT 0
