- `00:00` **1 Consumer — open /consumer, no sign-in**
- `00:05` **1 Consumer — choose the label photograph (MDH Kitchen King back panel)**
- `00:05` in-browser barcode read: Barcode none read in this photograph
- `00:08` **1 Consumer — submit and wait out the real OCR**
- `01:37` OCR + evaluation took 89 s (scan bf61bace)
- `01:37` verdict banner: REVIEW |  | Pending officer confirmation
- `01:43` **1 Consumer — the findings, each naming its rule**
- `01:53` **1 Consumer — ingredients verbatim**
- `01:54` ingredients block: Ingredients as declared on the label Coriander, Chilli, Cumin, Turmeric, | Fennel, Fenugreek, Black Pepper, Dry Mango, Common Salt, | Cinnamon, Clove, Bay Leaf, Cardamom, Nutmeg, Mace, | Asafoetida and Garlic. Exactly as…
- `02:00` **1 Consumer — additive codes with their FSS citations**
- `02:01` additives block: Additive codes in that declaration Each code is matched against a reference sourced from the FSS regulations. The entry says what the code is and what the regulation requires be declared. It makes no safety judgement of its own. No INS or E additive codes foun…
- `02:08` **1 Consumer — the barcode section**
- `02:09` barcode section: Barcode No barcode was read from this photograph. Read in your browser from the photograph. The digits are shown as printed; nothing is looked up against any re
- `02:14` **1 Consumer — look up 8901719100015: the published SAFE consensus**
- `02:16` consensus: Identifier 8901719100015 includes seeded demo records SAFE 9 shoppers reported this Seeded demo record: submissions for this identifier were entered to demonstrate the threshold, not collected in the 
- `02:23` **1 Consumer — look up 8901725113320: the published UNSAFE consensus**
- `02:24` consensus: Identifier 8901725113320 includes seeded demo records UNSAFE 4 shoppers reported this Seeded demo record: submissions for this identifier were entered to demonstrate the threshold, not collected in th
- `02:31` **2 Vendor — sign in as balaji-kirana**
- `02:37` **2 Vendor — submit a package photograph and wait for the verdict**
- `03:02` OCR + evaluation took 22 s (scan 78b4082a)
- `03:07` **2 Vendor — the routing line: which officer tier the premises falls under**
- `03:08` routing: Routed to the district tier for attention · no premises visit indicated · action on your part is indicated
- `03:24` **2 Vendor — sign out**
- `03:28` **3 Officer — sign in as inspector1**
- `03:32` queue: 50 of 50 inspections
- `03:38` **3 Officer — the vendor's scan is in this officer's queue (jurisdiction covers the premises)**
- `03:39` top row: Physical label physical_label REVIEW Status complete 20 Sept, 09:30
- `03:49` **3 Officer — dwell on the verdict: rule citations and refusals worded as facts about the photograph**
- `03:50` findings: NAME_AND_ADDRESS Rule 6(10A)=NOT_APPLICABLE; COUNTRY_OF_ORIGIN Rule 6(10A)=NOT_APPLICABLE; COMMON_OR_GENERIC_NAME Rule 6(10A)=NOT_APPLICABLE; NET_QUANTITY Rule 6(10A)=NOT_APPLICABLE; MANUFACTURE_DATE Rule 6(10A)=NOT_APPLICABLE; BEST_BEFORE_DATE Rule 6(10A)=NOT_APPLICABLE; RETAIL_SALE_PRICE Rule 6(10A)=NOT_APPLICABLE; DIMENSIONS Rule 6(10A)=NOT_APPLICABLE; OTHER_PRESCRIBED_MATTER Rule 6(10A)=NOT_APPLICABLE; UNIT_SALE_PRICE Rule 6(11)=INSUFFICIENT_EVIDENCE; NAME_AND_ADDRESS Rule 6(1)(a)=INSUFFICIENT_EVIDENCE; COUNTRY_OF_ORIGIN Rule 6(1)(aa)=INSUFFICIENT_EVIDENCE; COMMON_OR_GENERIC_NAME Rule 6(1)(b)=PASS; NET_QUANTITY Rule 6(1)(c)=INSUFFICIENT_EVIDENCE; MANUFACTURE_DATE Rule 6(1)(d)=INSUFFICIENT_EVIDENCE; BEST_BEFORE_DATE Rule 6(1)(da)=INSUFFICIENT_EVIDENCE; MANUFACTURE_DATE Rule 6(1)(d) provisos effective 2024=INSUFFICIENT_EVIDENCE; RETAIL_SALE_PRICE Rule 6(1)(e)=INSUFFICIENT_EVIDENCE; DIMENSIONS Rule 6(1)(f)=INSUFFICIENT_EVIDENCE; OTHER_PRESCRIBED_MATTER Rule 6(1)(g)=INSUFFICIENT_EVIDENCE; NAME_AND_ADDRESS Rule 7(2), Table-I=INSUFFICIENT_EVIDENCE; COUNTRY_OF_ORIGIN Rule 7(2), Table-I=INSUFFICIENT_EVIDENCE; COMMON_OR_GENERIC_NAME Rule 7(2), Table-I=INSUFFICIENT_EVIDENCE; NET_QUANTITY Rule 7(2), Table-I=INSUFFICIENT_EVIDENCE; MANUFACTURE_DATE Rule 7(2), Table-I=INSUFFICIENT_EVIDENCE; BEST_BEFORE_DATE Rule 7(2), Table-I=INSUFFICIENT_EVIDENCE; RETAIL_SALE_PRICE Rule 7(2), Table-I=INSUFFICIENT_EVIDENCE; DIMENSIONS Rule 7(2), Table-I=INSUFFICIENT_EVIDENCE; OTHER_PRESCRIBED_MATTER Rule 7(2), Table-I=INSUFFICIENT_EVIDENCE; NAME_AND_ADDRESS Rule 7(3)=INSUFFICIENT_EVIDENCE; COUNTRY_OF_ORIGIN Rule 7(3)=INSUFFICIENT_EVIDENCE; COMMON_OR_GENERIC_NAME Rule 7(3)=INSUFFICIENT_EVIDENCE; NET_QUANTITY Rule 7(3)=INSUFFICIENT_EVIDENCE; MANUFACTURE_DATE Rule 7(3)=INSUFFICIENT_EVIDENCE; BEST_BEFORE_DATE Rule 7(3)=INSUFFICIENT_EVIDENCE; RETAIL_SALE_PRICE Rule 7(3)=INSUFFICIENT_EVIDENCE; DIMENSIONS Rule 7(3)=INSUFFICIENT_EVIDENCE; OTHER_PRESCRIBED_MATTER Rule 7(3)=INSUFFICIENT_EVIDENCE; NET_QUANTITY Rule 8(1) proviso=INSUFFICIENT_EVIDENCE; NAME_AND_ADDRESS Rule 8(1)=INSUFFICIENT_EVIDENCE; COUNTRY_OF_ORIGIN Rule 8(1)=INSUFFICIENT_EVIDENCE; COMMON_OR_GENERIC_NAME Rule 8(1)=INSUFFICIENT_EVIDENCE; NET_QUANTITY Rule 8(1)=INSUFFICIENT_EVIDENCE; MANUFACTURE_DATE Rule 8(1)=INSUFFICIENT_EVIDENCE; BEST_BEFORE_DATE Rule 8(1)=INSUFFICIENT_EVIDENCE; RETAIL_SALE_PRICE Rule 8(1)=INSUFFICIENT_EVIDENCE; DIMENSIONS Rule 8(1)=INSUFFICIENT_EVIDENCE; OTHER_PRESCRIBED_MATTER Rule 8(1)=INSUFFICIENT_EVIDENCE; NAME_AND_ADDRESS Rule 9(1)=INSUFFICIENT_EVIDENCE; COUNTRY_OF_ORIGIN Rule 9(1)=INSUFFICIENT_EVIDENCE; COMMON_OR_GENERIC_NAME Rule 9(1)=INSUFFICIENT_EVIDENCE; NET_QUANTITY Rule 9(1)=INSUFFICIENT_EVIDENCE; MANUFACTURE_DATE Rule 9(1)=INSUFFICIENT_EVIDENCE; BEST_BEFORE_DATE Rule 9(1)=INSUFFICIENT_EVIDENCE; RETAIL_SALE_PRICE Rule 9(1)=INSUFFICIENT_EVIDENCE; DIMENSIONS Rule 9(1)=INSUFFICIENT_EVIDENCE; OTHER_PRESCRIBED_MATTER Rule 9(1)=INSUFFICIENT_EVIDENCE; NAME_AND_ADDRESS Rule 9(3)=INSUFFICIENT_EVIDENCE; COUNTRY_OF_ORIGIN Rule 9(3)=INSUFFICIENT_EVIDENCE; COMMON_OR_GENERIC_NAME Rule 9(3)=INSUFFICIENT_EVIDENCE; NET_QUANTITY Rule 9(3)=INSUFFICIENT_EVIDENCE; MANUFACTURE_DATE Rule 9(3)=INSUFFICIENT_EVIDENCE; BEST_BEFORE_DATE Rule 9(3)=INSUFFICIENT_EVIDENCE; RETAIL_SALE_PRICE Rule 9(3)=INSUFFICIENT_EVIDENCE; DIMENSIONS Rule 9(3)=INSUFFICIENT_EVIDENCE; OTHER_PRESCRIBED_MATTER Rule 9(3)=INSUFFICIENT_EVIDENCE
- `04:33` **3 Officer — confirm the category as Food; the capture is re-evaluated as a new scan**
- `04:37` new scan 9a5cd30b; waiting for its evaluation
- `05:00` confirmed category food; verdict REVIEW; NAME_AND_ADDRESS Rule 6(10A)=NOT_APPLICABLE; COUNTRY_OF_ORIGIN Rule 6(10A)=NOT_APPLICABLE; COMMON_OR_GENERIC_NAME Rule 6(10A)=NOT_APPLICABLE; NET_QUANTITY Rule 6(10A)=NOT_APPLICABLE; MANUFACTURE_DATE Rule 6(10A)=NOT_APPLICABLE; BEST_BEFORE_DATE Rule 6(10A)=NOT_APPLICABLE; RETAIL_SALE_PRICE Rule 6(10A)=NOT_APPLICABLE; DIMENSIONS Rule 6(10A)=NOT_APPLICABLE; OTHER_PRESCRIBED_MATTER Rule 6(10A)=NOT_APPLICABLE; UNIT_SALE_PRICE Rule 6(11)=INSUFFICIENT_EVIDENCE; NAME_AND_ADDRESS Rule 6(1)(a)=NOT_APPLICABLE; COUNTRY_OF_ORIGIN Rule 6(1)(aa)=INSUFFICIENT_EVIDENCE; COMMON_OR_GENERIC_NAME Rule 6(1)(b)=PASS; NET_QUANTITY Rule 6(1)(c)=INSUFFICIENT_EVIDENCE; MANUFACTURE_DATE Rule 6(1)(d)=INSUFFICIENT_EVIDENCE; BEST_BEFORE_DATE Rule 6(1)(da)=INSUFFICIENT_EVIDENCE; MANUFACTURE_DATE Rule 6(1)(d) provisos effective 2024=INSUFFICIENT_EVIDENCE; RETAIL_SALE_PRICE Rule 6(1)(e)=INSUFFICIENT_EVIDENCE; DIMENSIONS Rule 6(1)(f)=INSUFFICIENT_EVIDENCE; OTHER_PRESCRIBED_MATTER Rule 6(1)(g)=INSUFFICIENT_EVIDENCE; NAME_AND_ADDRESS Rule 7(2), Table-I=INSUFFICIENT_EVIDENCE; COUNTRY_OF_ORIGIN Rule 7(2), Table-I=INSUFFICIENT_EVIDENCE; COMMON_OR_GENERIC_NAME Rule 7(2), Table-I=INSUFFICIENT_EVIDENCE; NET_QUANTITY Rule 7(2), Table-I=INSUFFICIENT_EVIDENCE; MANUFACTURE_DATE Rule 7(2), Table-I=INSUFFICIENT_EVIDENCE; BEST_BEFORE_DATE Rule 7(2), Table-I=INSUFFICIENT_EVIDENCE; RETAIL_SALE_PRICE Rule 7(2), Table-I=INSUFFICIENT_EVIDENCE; DIMENSIONS Rule 7(2), Table-I=INSUFFICIENT_EVIDENCE; OTHER_PRESCRIBED_MATTER Rule 7(2), Table-I=INSUFFICIENT_EVIDENCE; NAME_AND_ADDRESS Rule 7(3)=INSUFFICIENT_EVIDENCE; COUNTRY_OF_ORIGIN Rule 7(3)=INSUFFICIENT_EVIDENCE; COMMON_OR_GENERIC_NAME Rule 7(3)=INSUFFICIENT_EVIDENCE; NET_QUANTITY Rule 7(3)=INSUFFICIENT_EVIDENCE; MANUFACTURE_DATE Rule 7(3)=INSUFFICIENT_EVIDENCE; BEST_BEFORE_DATE Rule 7(3)=INSUFFICIENT_EVIDENCE; RETAIL_SALE_PRICE Rule 7(3)=INSUFFICIENT_EVIDENCE; DIMENSIONS Rule 7(3)=INSUFFICIENT_EVIDENCE; OTHER_PRESCRIBED_MATTER Rule 7(3)=INSUFFICIENT_EVIDENCE; NET_QUANTITY Rule 8(1) proviso=INSUFFICIENT_EVIDENCE; NAME_AND_ADDRESS Rule 8(1)=REVIEW_REQUIRED; COUNTRY_OF_ORIGIN Rule 8(1)=INSUFFICIENT_EVIDENCE; COMMON_OR_GENERIC_NAME Rule 8(1)=REVIEW_REQUIRED; NET_QUANTITY Rule 8(1)=INSUFFICIENT_EVIDENCE; MANUFACTURE_DATE Rule 8(1)=INSUFFICIENT_EVIDENCE; BEST_BEFORE_DATE Rule 8(1)=INSUFFICIENT_EVIDENCE; RETAIL_SALE_PRICE Rule 8(1)=INSUFFICIENT_EVIDENCE; DIMENSIONS Rule 8(1)=INSUFFICIENT_EVIDENCE; OTHER_PRESCRIBED_MATTER Rule 8(1)=INSUFFICIENT_EVIDENCE; NAME_AND_ADDRESS Rule 9(1)=INSUFFICIENT_EVIDENCE; COUNTRY_OF_ORIGIN Rule 9(1)=INSUFFICIENT_EVIDENCE; COMMON_OR_GENERIC_NAME Rule 9(1)=INSUFFICIENT_EVIDENCE; NET_QUANTITY Rule 9(1)=INSUFFICIENT_EVIDENCE; MANUFACTURE_DATE Rule 9(1)=INSUFFICIENT_EVIDENCE; BEST_BEFORE_DATE Rule 9(1)=INSUFFICIENT_EVIDENCE; RETAIL_SALE_PRICE Rule 9(1)=INSUFFICIENT_EVIDENCE; DIMENSIONS Rule 9(1)=INSUFFICIENT_EVIDENCE; OTHER_PRESCRIBED_MATTER Rule 9(1)=INSUFFICIENT_EVIDENCE; NAME_AND_ADDRESS Rule 9(3)=INSUFFICIENT_EVIDENCE; COUNTRY_OF_ORIGIN Rule 9(3)=INSUFFICIENT_EVIDENCE; COMMON_OR_GENERIC_NAME Rule 9(3)=INSUFFICIENT_EVIDENCE; NET_QUANTITY Rule 9(3)=INSUFFICIENT_EVIDENCE; MANUFACTURE_DATE Rule 9(3)=INSUFFICIENT_EVIDENCE; BEST_BEFORE_DATE Rule 9(3)=INSUFFICIENT_EVIDENCE; RETAIL_SALE_PRICE Rule 9(3)=INSUFFICIENT_EVIDENCE; DIMENSIONS Rule 9(3)=INSUFFICIENT_EVIDENCE; OTHER_PRESCRIBED_MATTER Rule 9(3)=INSUFFICIENT_EVIDENCE
- `05:15` **3 Officer — dashboard: the GHMC choropleth**
- `05:25` **3 Officer — hover a ward**
- `05:26` readout: Ward 121 Kukatpally · West zone 0 potential violations in 3 scans
- `05:31` readout: Ward 91 Khairatabad · Central zone 4 potential violations in 5 scans
- `05:39` **3 Officer — complaints ledger**
- `05:45` **3 Officer — raise a complaint from an officer-confirmed POTENTIAL VIOLATION**
- `05:47` scan 345d7986 · R6-1-E · RETAIL_SALE_PRICE · observed "null" · required "null"
- `05:50` POST /complaints -> 201
- `05:52` thread: 7b74c808-49d2-49df-875f-170310d2a6c0 Event 8 in thread manufacturer as declared Commodity: Category: food Supersedes #930bc207-9ffa-4272-9902-4314ef84e5b3 Raised Confirmed: POTENTIAL VIOLATION Statuto
- `05:58` **3 Officer — transition it: record the acknowledgement**
- `06:02` POST /complaints/7b74c808/transitions -> 201
- `06:05` thread now: d5f38ebf-e3c5-4668-92bc-67f1aa62698c Event 9 in thread manufacturer as declared Commodity: Category: food Supersedes #7b74c808-49d2-49df-875f-170310d2a6c0 Acknowledged Confirmed: POTENTIAL VIOLATION S
- `06:11` **4 Measurement — /officer/new, the MDH carton with a ₹10 coin, Food, coin_10, NO panel mark**
- `06:22` **4 Measurement — submit unmarked: Table-I cannot band without a panel area**
- `07:16` unmarked: evaluated in 54 s (scan 0a84b36c)
- `07:22` measurements: Measurements Estimated from the photograph. A calibrated figure carries its interval in brackets; without a reference there is no figure. Net quantity · Rule 7(2), Table-I INSUFFICIENT EVIDENCE Insufficient evidence. The evidence needed could not be obtained. This is a statement about the reading, not about the package. Measured 2.61 mm Required — Net quantity · Rule 8(1) proviso PASS Pass. The declaration satisfies the rule as evaluated. Measured numeral height 2.61 mm (±0.13); above 2.93 mm (±0.15); below 2.93 mm (±0.15); left 7.63 mm (±0.38); right 7.84 mm (±0.39) Required above and below at least 2.61 mm; left and right at least 5.23 mm
- `07:22` Table-I: INSUFFICIENT_EVIDENCE · observed 2.61 mm · expected null · the character height was measured but the principal display panel area was not, and Table-I bands the height against that area: the principal display panel was not detected: no trained panel detector is configured, and the largest block of print is not a measured panel, so its area cannot band the requirement.
- `07:34` **4 Measurement — submit again, this time dragging the panel over the carton face**
- `07:41` photograph 1214×1295 drawn at 316×337 px; dragging (59,263) → (261,577)
- `07:43` caption: Panel marked: 776 × 1207 px at (86, 38)
- `07:48` **4 Measurement — submit marked: Table-I consults both intervals and declines to band**
- `09:35` marked: evaluated in 108 s (scan dafd3aa6)
- `09:41` measurements: Measurements Estimated from the photograph. A calibrated figure carries its interval in brackets; without a reference there is no figure. Net quantity · Rule 7(2), Table-I REVIEW REQUIRED Review required. Applying the rule to this evidence needs an officer. Measured 2.61 mm Required 1.5 mm to 2.5 mm Net quantity · Rule 8(1) proviso PASS Pass. The declaration satisfies the rule as evaluated. Measured numeral height 2.61 mm (±0.13); above 2.93 mm (±0.15); below 2.93 mm (±0.15); left 7.63 mm (±0.38); right 7.84 mm (±0.39) Required above and below at least 2.61 mm; left and right at least 5.23 mm
- `09:41` Table-I: REVIEW_REQUIRED · observed 2.61 mm · expected 1.5 mm to 2.5 mm · the measured principal display panel area of 102.3 ± 10.2 cm² lies across a Table-I band edge: 1.5 mm is required below it and 2.5 mm above; the measured character height of 2.61 ± 0.13 mm lies across the 2.5 mm requirement: which side of the requirement this package falls on is not established at the measurement's own precision.
- `09:53` **4 Measurement — the marked scan on the review ledger: the Table-I REVIEW_REQUIRED row, both uncertainties named**
- `09:57` ledger row: Net quantity, letter height REVIEW REQUIRED Review required. Applying the rule to this evidence needs an officer. Measured 2.61 mm Required 1.5 mm to 2.5 mm Rule Rule 7(2), Table-I Evidence None the measured principal display panel area of 102.3 ± 10.2 cm² lies across a Table-I band edge: 1.5 mm is required below it and 2.5 mm above; the measured character height of 2.61 ± 0.13 mm lies across the 2.5 mm requirement: which side of the requirement this package falls on is not established at the measurement's own precision.
- `10:22` end of recording — 622 s
video /home/abhi/26034-demo/demo/pccs-demo-390x844.webm
EXIT 0
